Herzogenrath: http://www.herzogenrath.deEnnepe-Ruhr-Kreis: http://www.ennepe-ruhr-kreis.deWarburg: http://www.warburg.de